// Jest Snapshot v1, https://goo.gl/fbAQLP

exports[`Styles caption styles should be applied 1`] = `
"<!-- wp:flexible-table-block/table {\\"captionSide\\":\\"top\\"} -->
<figure class=\\"wp-block-flexible-table-block-table\\"><figcaption style=\\"font-size:20px;line-height:2;padding:1px 2% 3em 4rem;text-align:center\\">Flexible Table Block</figcaption><table class=\\"has-fixed-layout\\"><tbody><tr><td></td><td></td><td></td></tr><tr><td></td><td></td><td></td></tr><tr><td></td><td></td><td></td></tr></tbody></table></figure>
<!-- /wp:flexible-table-block/table -->"
`;

exports[`Styles cell styles should be applied 1`] = `
"<!-- wp:flexible-table-block/table -->
<figure class=\\"wp-block-flexible-table-block-table\\"><table class=\\"has-fixed-layout\\"><tbody><tr><th class=\\"custom\\" id=\\"id\\" headers=\\"headers\\" scope=\\"row\\" style=\\"font-size:20px;line-height:2;width:100px;color:#111111;background-color:#333333;padding:1px 2% 3em 4rem;border-radius:1px 2em 3rem 4rem;border-width:1px 2em 3rem 4rem;border-style:solid dotted dashed double;border-color:#111111 #222222 #333333 #444444;text-align:center;vertical-align:middle\\"></th><td></td><td></td></tr><tr><td></td><td></td><td></td></tr><tr><td></td><td></td><td></td></tr></tbody></table></figure>
<!-- /wp:flexible-table-block/table -->"
`;

exports[`Styles cell styles should be applied to multiple cells 1`] = `
"<!-- wp:flexible-table-block/table -->
<figure class=\\"wp-block-flexible-table-block-table\\"><table class=\\"has-fixed-layout\\"><thead><tr><th></th><th></th><th class=\\"custom\\" id=\\"id\\" headers=\\"headers\\" scope=\\"row\\" style=\\"font-size:20px;line-height:2;width:100px;color:#111111;background-color:#333333;padding:1px 2% 3em 4rem;border-radius:1px 2em 3rem 4rem;border-width:1px 2em 3rem 4rem;border-style:solid dotted dashed double;border-color:#111111 #222222 #333333 #444444;text-align:center;vertical-align:middle\\"></th></tr></thead><tbody><tr><td></td><td></td><th class=\\"custom\\" id=\\"id\\" headers=\\"headers\\" scope=\\"row\\" style=\\"font-size:20px;line-height:2;width:100px;color:#111111;background-color:#333333;padding:1px 2% 3em 4rem;border-radius:1px 2em 3rem 4rem;border-width:1px 2em 3rem 4rem;border-style:solid dotted dashed double;border-color:#111111 #222222 #333333 #444444;text-align:center;vertical-align:middle\\"></th></tr><tr><td></td><td></td><th class=\\"custom\\" id=\\"id\\" headers=\\"headers\\" scope=\\"row\\" style=\\"font-size:20px;line-height:2;width:100px;color:#111111;background-color:#333333;padding:1px 2% 3em 4rem;border-radius:1px 2em 3rem 4rem;border-width:1px 2em 3rem 4rem;border-style:solid dotted dashed double;border-color:#111111 #222222 #333333 #444444;text-align:center;vertical-align:middle\\"></th></tr><tr><td></td><td></td><th class=\\"custom\\" id=\\"id\\" headers=\\"headers\\" scope=\\"row\\" style=\\"font-size:20px;line-height:2;width:100px;color:#111111;background-color:#333333;padding:1px 2% 3em 4rem;border-radius:1px 2em 3rem 4rem;border-width:1px 2em 3rem 4rem;border-style:solid dotted dashed double;border-color:#111111 #222222 #333333 #444444;text-align:center;vertical-align:middle\\"></th></tr></tbody><tfoot><tr><td></td><td></td><th class=\\"custom\\" id=\\"id\\" headers=\\"headers\\" scope=\\"row\\" style=\\"font-size:20px;line-height:2;width:100px;color:#111111;background-color:#333333;padding:1px 2% 3em 4rem;border-radius:1px 2em 3rem 4rem;border-width:1px 2em 3rem 4rem;border-style:solid dotted dashed double;border-color:#111111 #222222 #333333 #444444;text-align:center;vertical-align:middle\\"></th></tr></tfoot></table></figure>
<!-- /wp:flexible-table-block/table -->"
`;

exports[`Styles table styles should be applied 1`] = `
"<!-- wp:flexible-table-block/table {\\"hasFixedLayout\\":false,\\"isScrollOnPc\\":true,\\"isScrollOnMobile\\":true,\\"isStackedOnMobile\\":true,\\"sticky\\":\\"first-column\\"} -->
<figure class=\\"wp-block-flexible-table-block-table is-scroll-on-pc is-scroll-on-mobile\\"><table class=\\"is-stacked-on-mobile is-sticky-first-column\\" style=\\"width:500px;max-width:600%;min-width:400em;padding:1px 2% 3em 4rem;border-radius:1px 2em 3rem 4rem;border-width:1px 2em 3rem 4rem;border-style:solid dotted dashed double;border-color:#111111 #222222 #333333 #444444;border-collapse:separate;border-spacing:10px 5em\\"><tbody><tr><td></td><td></td><td></td></tr><tr><td></td><td></td><td></td></tr><tr><td></td><td></td><td></td></tr></tbody></table></figure>
<!-- /wp:flexible-table-block/table -->"
`;
